// Jest Snapshot v1, https://goo.gl/fbAQLP

exports[`<CreateReport/> using react test render renders content 1`] = `
<div>
  <h3>
    Este é um primeiro teste
     
    <br />
     
    www.test1.com
  </h3>
  <div
    className="flex flex-column mt3"
  >
    <textarea
      className="db border-box hover-black w-100 measure ba b--black-20 pa2 br2 mb2"
      maxLength="2000"
      onChange={[Function]}
      placeholder="Enter a description for the fake news report"
      required={true}
      type="text"
      value=""
    />
  </div>
  <button
    disabled={true}
    onClick={[Function]}
  >
    Report Fake News
  </button>
  <div>
    <div>
      <h4>
        Fake News Reports
      </h4>
    </div>
    <div
      className="flex mt2 items-start"
    >
      <div
        className="ml1"
      >
        <div
          className="f6 lh-copy gray"
        >
          <span>
            1
            . 
            Rodrigo
             | 
            7 days ago
          </span>
        </div>
        <div
          className="f6 lh-copy"
        >
          1
        </div>
        <br />
      </div>
    </div>
    <div
      className="flex mt2 items-start"
    >
      <div
        className="ml1"
      >
        <div
          className="f6 lh-copy gray"
        >
          <span>
            2
            . 
            Rodrigo
             | 
            7 days ago
          </span>
        </div>
        <div
          className="f6 lh-copy"
        >
          2
        </div>
        <br />
      </div>
    </div>
    <div
      className="flex mt2 items-start"
    >
      <div
        className="ml1"
      >
        <div
          className="f6 lh-copy gray"
        >
          <span>
            3
            . 
            Jose
             | 
            7 days ago
          </span>
        </div>
        <div
          className="f6 lh-copy"
        >
          3
        </div>
        <br />
      </div>
    </div>
    <div
      className="flex mt2 items-start"
    >
      <div
        className="ml1"
      >
        <div
          className="f6 lh-copy gray"
        >
          <span>
            4
            . 
            Rodrigo
             | 
            7 days ago
          </span>
        </div>
        <div
          className="f6 lh-copy"
        >
          4
        </div>
        <br />
      </div>
    </div>
    <div
      className="flex mt2 items-start"
    >
      <div
        className="ml1"
      >
        <div
          className="f6 lh-copy gray"
        >
          <span>
            5
            . 
            Rodrigo
             | 
            7 days ago
          </span>
        </div>
        <div
          className="f6 lh-copy"
        >
          5
        </div>
        <br />
      </div>
    </div>
    <div
      className="flex mt2 items-start"
    >
      <div
        className="ml1"
      >
        <div
          className="f6 lh-copy gray"
        >
          <span>
            6
            . 
            Jose
             | 
            7 days ago
          </span>
        </div>
        <div
          className="f6 lh-copy"
        >
          6
        </div>
        <br />
      </div>
    </div>
    <div
      className="flex mt2 items-start"
    >
      <div
        className="ml1"
      >
        <div
          className="f6 lh-copy gray"
        >
          <span>
            7
            . 
            Jose
             | 
            5 days ago
          </span>
        </div>
        <div
          className="f6 lh-copy"
        >
          7
        </div>
        <br />
      </div>
    </div>
    <div
      className="flex mt2 items-start"
    >
      <div
        className="ml1"
      >
        <div
          className="f6 lh-copy gray"
        >
          <span>
            8
            . 
            Jose
             | 
            5 days ago
          </span>
        </div>
        <div
          className="f6 lh-copy"
        >
          1
        </div>
        <br />
      </div>
    </div>
    <div
      className="flex mt2 items-start"
    >
      <div
        className="ml1"
      >
        <div
          className="f6 lh-copy gray"
        >
          <span>
            9
            . 
            Jose
             | 
            5 days ago
          </span>
        </div>
        <div
          className="f6 lh-copy"
        >
          9
        </div>
        <br />
      </div>
    </div>
    <div
      className="flex mt2 items-start"
    >
      <div
        className="ml1"
      >
        <div
          className="f6 lh-copy gray"
        >
          <span>
            10
            . 
            Rodrigo
             | 
            3 days ago
          </span>
        </div>
        <div
          className="f6 lh-copy"
        >
          1
        </div>
        <br />
      </div>
    </div>
    <div
      className="flex mt2 items-start"
    >
      <div
        className="ml1"
      >
        <div
          className="f6 lh-copy gray"
        >
          <span>
            11
            . 
            Rodrigo Jose
             | 
            2 days ago
          </span>
        </div>
        <div
          className="f6 lh-copy"
        >
          2
        </div>
        <br />
      </div>
    </div>
    <div
      className="flex mt2 items-start"
    >
      <div
        className="ml1"
      >
        <div
          className="f6 lh-copy gray"
        >
          <span>
            12
            . 
            Rodrigo
             | 
            2 days ago
          </span>
        </div>
        <div
          className="f6 lh-copy"
        >
          12
        </div>
        <br />
      </div>
    </div>
    <div
      className="flex mt2 items-start"
    >
      <div
        className="ml1"
      >
        <div
          className="f6 lh-copy gray"
        >
          <span>
            13
            . 
            Rodrigo
             | 
            2 days ago
          </span>
        </div>
        <div
          className="f6 lh-copy"
        >
          este e um teste
        </div>
        <br />
      </div>
    </div>
    <div
      className="flex mt2 items-start"
    >
      <div
        className="ml1"
      >
        <div
          className="f6 lh-copy gray"
        >
          <span>
            14
            . 
            Rodrigo
             | 
            1 days ago
          </span>
        </div>
        <div
          className="f6 lh-copy"
        >
          14
        </div>
        <br />
      </div>
    </div>
    <div
      className="flex mt2 items-start"
    >
      <div
        className="ml1"
      >
        <div
          className="f6 lh-copy gray"
        >
          <span>
            15
            . 
            Rodrigo
             | 
            1 days ago
          </span>
        </div>
        <div
          className="f6 lh-copy"
        >
          15
        </div>
        <br />
      </div>
    </div>
    <div
      className="flex mt2 items-start"
    >
      <div
        className="ml1"
      >
        <div
          className="f6 lh-copy gray"
        >
          <span>
            16
            . 
            Rodrigo Jose
             | 
            1 days ago
          </span>
        </div>
        <div
          className="f6 lh-copy"
        >
          16
        </div>
        <br />
      </div>
    </div>
    <div
      className="flex mt2 items-start"
    >
      <div
        className="ml1"
      >
        <div
          className="f6 lh-copy gray"
        >
          <span>
            17
            . 
            Rodrigo
             | 
            1 days ago
          </span>
        </div>
        <div
          className="f6 lh-copy"
        >
          17
        </div>
        <br />
      </div>
    </div>
    <div
      className="flex mt2 items-start"
    >
      <div
        className="ml1"
      >
        <div
          className="f6 lh-copy gray"
        >
          <span>
            18
            . 
            Rodrigo Jose
             | 
            1 days ago
          </span>
        </div>
        <div
          className="f6 lh-copy"
        >
          18
        </div>
        <br />
      </div>
    </div>
    <div
      className="flex mt2 items-start"
    >
      <div
        className="ml1"
      >
        <div
          className="f6 lh-copy gray"
        >
          <span>
            19
            . 
            Rodrigo
             | 
            1 days ago
          </span>
        </div>
        <div
          className="f6 lh-copy"
        >
          19
        </div>
        <br />
      </div>
    </div>
    <div
      className="flex mt2 items-start"
    >
      <div
        className="ml1"
      >
        <div
          className="f6 lh-copy gray"
        >
          <span>
            20
            . 
            Rodrigo
             | 
            1 days ago
          </span>
        </div>
        <div
          className="f6 lh-copy"
        >
          123123123123123
        </div>
        <br />
      </div>
    </div>
    <div
      className="flex mt2 items-start"
    >
      <div
        className="ml1"
      >
        <div
          className="f6 lh-copy gray"
        >
          <span>
            21
            . 
            Rodrigo
             | 
            1 days ago
          </span>
        </div>
        <div
          className="f6 lh-copy"
        >
          456
        </div>
        <br />
      </div>
    </div>
  </div>
</div>
`;

exports[`<CreateReport/> using react test render renders correctly 1`] = `
<div>
  <h3>
    Este é um primeiro teste
     
    <br />
     
    www.test1.com
  </h3>
  <div
    className="flex flex-column mt3"
  >
    <textarea
      className="db border-box hover-black w-100 measure ba b--black-20 pa2 br2 mb2"
      maxLength="2000"
      onChange={[Function]}
      placeholder="Enter a description for the fake news report"
      required={true}
      type="text"
      value=""
    />
  </div>
  <button
    disabled={true}
    onClick={[Function]}
  >
    Report Fake News
  </button>
  <div>
    <div>
      <h4>
        Fake News Reports
      </h4>
    </div>
    <div
      className="flex mt2 items-start"
    >
      <div
        className="ml1"
      >
        <div
          className="f6 lh-copy gray"
        >
          <span>
            1
            . 
            Rodrigo
             | 
            7 days ago
          </span>
        </div>
        <div
          className="f6 lh-copy"
        >
          1
        </div>
        <br />
      </div>
    </div>
    <div
      className="flex mt2 items-start"
    >
      <div
        className="ml1"
      >
        <div
          className="f6 lh-copy gray"
        >
          <span>
            2
            . 
            Rodrigo
             | 
            7 days ago
          </span>
        </div>
        <div
          className="f6 lh-copy"
        >
          2
        </div>
        <br />
      </div>
    </div>
    <div
      className="flex mt2 items-start"
    >
      <div
        className="ml1"
      >
        <div
          className="f6 lh-copy gray"
        >
          <span>
            3
            . 
            Jose
             | 
            7 days ago
          </span>
        </div>
        <div
          className="f6 lh-copy"
        >
          3
        </div>
        <br />
      </div>
    </div>
    <div
      className="flex mt2 items-start"
    >
      <div
        className="ml1"
      >
        <div
          className="f6 lh-copy gray"
        >
          <span>
            4
            . 
            Rodrigo
             | 
            7 days ago
          </span>
        </div>
        <div
          className="f6 lh-copy"
        >
          4
        </div>
        <br />
      </div>
    </div>
    <div
      className="flex mt2 items-start"
    >
      <div
        className="ml1"
      >
        <div
          className="f6 lh-copy gray"
        >
          <span>
            5
            . 
            Rodrigo
             | 
            7 days ago
          </span>
        </div>
        <div
          className="f6 lh-copy"
        >
          5
        </div>
        <br />
      </div>
    </div>
    <div
      className="flex mt2 items-start"
    >
      <div
        className="ml1"
      >
        <div
          className="f6 lh-copy gray"
        >
          <span>
            6
            . 
            Jose
             | 
            7 days ago
          </span>
        </div>
        <div
          className="f6 lh-copy"
        >
          6
        </div>
        <br />
      </div>
    </div>
    <div
      className="flex mt2 items-start"
    >
      <div
        className="ml1"
      >
        <div
          className="f6 lh-copy gray"
        >
          <span>
            7
            . 
            Jose
             | 
            5 days ago
          </span>
        </div>
        <div
          className="f6 lh-copy"
        >
          7
        </div>
        <br />
      </div>
    </div>
    <div
      className="flex mt2 items-start"
    >
      <div
        className="ml1"
      >
        <div
          className="f6 lh-copy gray"
        >
          <span>
            8
            . 
            Jose
             | 
            5 days ago
          </span>
        </div>
        <div
          className="f6 lh-copy"
        >
          1
        </div>
        <br />
      </div>
    </div>
    <div
      className="flex mt2 items-start"
    >
      <div
        className="ml1"
      >
        <div
          className="f6 lh-copy gray"
        >
          <span>
            9
            . 
            Jose
             | 
            5 days ago
          </span>
        </div>
        <div
          className="f6 lh-copy"
        >
          9
        </div>
        <br />
      </div>
    </div>
    <div
      className="flex mt2 items-start"
    >
      <div
        className="ml1"
      >
        <div
          className="f6 lh-copy gray"
        >
          <span>
            10
            . 
            Rodrigo
             | 
            3 days ago
          </span>
        </div>
        <div
          className="f6 lh-copy"
        >
          1
        </div>
        <br />
      </div>
    </div>
    <div
      className="flex mt2 items-start"
    >
      <div
        className="ml1"
      >
        <div
          className="f6 lh-copy gray"
        >
          <span>
            11
            . 
            Rodrigo Jose
             | 
            2 days ago
          </span>
        </div>
        <div
          className="f6 lh-copy"
        >
          2
        </div>
        <br />
      </div>
    </div>
    <div
      className="flex mt2 items-start"
    >
      <div
        className="ml1"
      >
        <div
          className="f6 lh-copy gray"
        >
          <span>
            12
            . 
            Rodrigo
             | 
            2 days ago
          </span>
        </div>
        <div
          className="f6 lh-copy"
        >
          12
        </div>
        <br />
      </div>
    </div>
    <div
      className="flex mt2 items-start"
    >
      <div
        className="ml1"
      >
        <div
          className="f6 lh-copy gray"
        >
          <span>
            13
            . 
            Rodrigo
             | 
            2 days ago
          </span>
        </div>
        <div
          className="f6 lh-copy"
        >
          este e um teste
        </div>
        <br />
      </div>
    </div>
    <div
      className="flex mt2 items-start"
    >
      <div
        className="ml1"
      >
        <div
          className="f6 lh-copy gray"
        >
          <span>
            14
            . 
            Rodrigo
             | 
            1 days ago
          </span>
        </div>
        <div
          className="f6 lh-copy"
        >
          14
        </div>
        <br />
      </div>
    </div>
    <div
      className="flex mt2 items-start"
    >
      <div
        className="ml1"
      >
        <div
          className="f6 lh-copy gray"
        >
          <span>
            15
            . 
            Rodrigo
             | 
            1 days ago
          </span>
        </div>
        <div
          className="f6 lh-copy"
        >
          15
        </div>
        <br />
      </div>
    </div>
    <div
      className="flex mt2 items-start"
    >
      <div
        className="ml1"
      >
        <div
          className="f6 lh-copy gray"
        >
          <span>
            16
            . 
            Rodrigo Jose
             | 
            1 days ago
          </span>
        </div>
        <div
          className="f6 lh-copy"
        >
          16
        </div>
        <br />
      </div>
    </div>
    <div
      className="flex mt2 items-start"
    >
      <div
        className="ml1"
      >
        <div
          className="f6 lh-copy gray"
        >
          <span>
            17
            . 
            Rodrigo
             | 
            1 days ago
          </span>
        </div>
        <div
          className="f6 lh-copy"
        >
          17
        </div>
        <br />
      </div>
    </div>
    <div
      className="flex mt2 items-start"
    >
      <div
        className="ml1"
      >
        <div
          className="f6 lh-copy gray"
        >
          <span>
            18
            . 
            Rodrigo Jose
             | 
            1 days ago
          </span>
        </div>
        <div
          className="f6 lh-copy"
        >
          18
        </div>
        <br />
      </div>
    </div>
    <div
      className="flex mt2 items-start"
    >
      <div
        className="ml1"
      >
        <div
          className="f6 lh-copy gray"
        >
          <span>
            19
            . 
            Rodrigo
             | 
            1 days ago
          </span>
        </div>
        <div
          className="f6 lh-copy"
        >
          19
        </div>
        <br />
      </div>
    </div>
    <div
      className="flex mt2 items-start"
    >
      <div
        className="ml1"
      >
        <div
          className="f6 lh-copy gray"
        >
          <span>
            20
            . 
            Rodrigo
             | 
            1 days ago
          </span>
        </div>
        <div
          className="f6 lh-copy"
        >
          123123123123123
        </div>
        <br />
      </div>
    </div>
    <div
      className="flex mt2 items-start"
    >
      <div
        className="ml1"
      >
        <div
          className="f6 lh-copy gray"
        >
          <span>
            21
            . 
            Rodrigo
             | 
            1 days ago
          </span>
        </div>
        <div
          className="f6 lh-copy"
        >
          456
        </div>
        <br />
      </div>
    </div>
  </div>
</div>
`;

exports[`<CreateReport/> using react test render renders error screen 1`] = `
<div>
  <h3>
    Este é um primeiro teste
     
    <br />
     
    www.test1.com
  </h3>
  <div
    className="flex flex-column mt3"
  >
    <textarea
      className="db border-box hover-black w-100 measure ba b--black-20 pa2 br2 mb2"
      maxLength="2000"
      onChange={[Function]}
      placeholder="Enter a description for the fake news report"
      required={true}
      type="text"
      value=""
    />
  </div>
  <button
    disabled={true}
    onClick={[Function]}
  >
    Report Fake News
  </button>
  <div>
    <div>
      <h4>
        Fake News Reports
      </h4>
    </div>
    <div
      className="flex mt2 items-start"
    >
      <div
        className="ml1"
      >
        <div
          className="f6 lh-copy gray"
        >
          <span>
            1
            . 
            Rodrigo
             | 
            7 days ago
          </span>
        </div>
        <div
          className="f6 lh-copy"
        >
          1
        </div>
        <br />
      </div>
    </div>
    <div
      className="flex mt2 items-start"
    >
      <div
        className="ml1"
      >
        <div
          className="f6 lh-copy gray"
        >
          <span>
            2
            . 
            Rodrigo
             | 
            7 days ago
          </span>
        </div>
        <div
          className="f6 lh-copy"
        >
          2
        </div>
        <br />
      </div>
    </div>
    <div
      className="flex mt2 items-start"
    >
      <div
        className="ml1"
      >
        <div
          className="f6 lh-copy gray"
        >
          <span>
            3
            . 
            Jose
             | 
            7 days ago
          </span>
        </div>
        <div
          className="f6 lh-copy"
        >
          3
        </div>
        <br />
      </div>
    </div>
    <div
      className="flex mt2 items-start"
    >
      <div
        className="ml1"
      >
        <div
          className="f6 lh-copy gray"
        >
          <span>
            4
            . 
            Rodrigo
             | 
            7 days ago
          </span>
        </div>
        <div
          className="f6 lh-copy"
        >
          4
        </div>
        <br />
      </div>
    </div>
    <div
      className="flex mt2 items-start"
    >
      <div
        className="ml1"
      >
        <div
          className="f6 lh-copy gray"
        >
          <span>
            5
            . 
            Rodrigo
             | 
            7 days ago
          </span>
        </div>
        <div
          className="f6 lh-copy"
        >
          5
        </div>
        <br />
      </div>
    </div>
    <div
      className="flex mt2 items-start"
    >
      <div
        className="ml1"
      >
        <div
          className="f6 lh-copy gray"
        >
          <span>
            6
            . 
            Jose
             | 
            7 days ago
          </span>
        </div>
        <div
          className="f6 lh-copy"
        >
          6
        </div>
        <br />
      </div>
    </div>
    <div
      className="flex mt2 items-start"
    >
      <div
        className="ml1"
      >
        <div
          className="f6 lh-copy gray"
        >
          <span>
            7
            . 
            Jose
             | 
            5 days ago
          </span>
        </div>
        <div
          className="f6 lh-copy"
        >
          7
        </div>
        <br />
      </div>
    </div>
    <div
      className="flex mt2 items-start"
    >
      <div
        className="ml1"
      >
        <div
          className="f6 lh-copy gray"
        >
          <span>
            8
            . 
            Jose
             | 
            5 days ago
          </span>
        </div>
        <div
          className="f6 lh-copy"
        >
          1
        </div>
        <br />
      </div>
    </div>
    <div
      className="flex mt2 items-start"
    >
      <div
        className="ml1"
      >
        <div
          className="f6 lh-copy gray"
        >
          <span>
            9
            . 
            Jose
             | 
            5 days ago
          </span>
        </div>
        <div
          className="f6 lh-copy"
        >
          9
        </div>
        <br />
      </div>
    </div>
    <div
      className="flex mt2 items-start"
    >
      <div
        className="ml1"
      >
        <div
          className="f6 lh-copy gray"
        >
          <span>
            10
            . 
            Rodrigo
             | 
            3 days ago
          </span>
        </div>
        <div
          className="f6 lh-copy"
        >
          1
        </div>
        <br />
      </div>
    </div>
    <div
      className="flex mt2 items-start"
    >
      <div
        className="ml1"
      >
        <div
          className="f6 lh-copy gray"
        >
          <span>
            11
            . 
            Rodrigo Jose
             | 
            2 days ago
          </span>
        </div>
        <div
          className="f6 lh-copy"
        >
          2
        </div>
        <br />
      </div>
    </div>
    <div
      className="flex mt2 items-start"
    >
      <div
        className="ml1"
      >
        <div
          className="f6 lh-copy gray"
        >
          <span>
            12
            . 
            Rodrigo
             | 
            2 days ago
          </span>
        </div>
        <div
          className="f6 lh-copy"
        >
          12
        </div>
        <br />
      </div>
    </div>
    <div
      className="flex mt2 items-start"
    >
      <div
        className="ml1"
      >
        <div
          className="f6 lh-copy gray"
        >
          <span>
            13
            . 
            Rodrigo
             | 
            2 days ago
          </span>
        </div>
        <div
          className="f6 lh-copy"
        >
          este e um teste
        </div>
        <br />
      </div>
    </div>
    <div
      className="flex mt2 items-start"
    >
      <div
        className="ml1"
      >
        <div
          className="f6 lh-copy gray"
        >
          <span>
            14
            . 
            Rodrigo
             | 
            1 days ago
          </span>
        </div>
        <div
          className="f6 lh-copy"
        >
          14
        </div>
        <br />
      </div>
    </div>
    <div
      className="flex mt2 items-start"
    >
      <div
        className="ml1"
      >
        <div
          className="f6 lh-copy gray"
        >
          <span>
            15
            . 
            Rodrigo
             | 
            1 days ago
          </span>
        </div>
        <div
          className="f6 lh-copy"
        >
          15
        </div>
        <br />
      </div>
    </div>
    <div
      className="flex mt2 items-start"
    >
      <div
        className="ml1"
      >
        <div
          className="f6 lh-copy gray"
        >
          <span>
            16
            . 
            Rodrigo Jose
             | 
            1 days ago
          </span>
        </div>
        <div
          className="f6 lh-copy"
        >
          16
        </div>
        <br />
      </div>
    </div>
    <div
      className="flex mt2 items-start"
    >
      <div
        className="ml1"
      >
        <div
          className="f6 lh-copy gray"
        >
          <span>
            17
            . 
            Rodrigo
             | 
            1 days ago
          </span>
        </div>
        <div
          className="f6 lh-copy"
        >
          17
        </div>
        <br />
      </div>
    </div>
    <div
      className="flex mt2 items-start"
    >
      <div
        className="ml1"
      >
        <div
          className="f6 lh-copy gray"
        >
          <span>
            18
            . 
            Rodrigo Jose
             | 
            1 days ago
          </span>
        </div>
        <div
          className="f6 lh-copy"
        >
          18
        </div>
        <br />
      </div>
    </div>
    <div
      className="flex mt2 items-start"
    >
      <div
        className="ml1"
      >
        <div
          className="f6 lh-copy gray"
        >
          <span>
            19
            . 
            Rodrigo
             | 
            1 days ago
          </span>
        </div>
        <div
          className="f6 lh-copy"
        >
          19
        </div>
        <br />
      </div>
    </div>
    <div
      className="flex mt2 items-start"
    >
      <div
        className="ml1"
      >
        <div
          className="f6 lh-copy gray"
        >
          <span>
            20
            . 
            Rodrigo
             | 
            1 days ago
          </span>
        </div>
        <div
          className="f6 lh-copy"
        >
          123123123123123
        </div>
        <br />
      </div>
    </div>
    <div
      className="flex mt2 items-start"
    >
      <div
        className="ml1"
      >
        <div
          className="f6 lh-copy gray"
        >
          <span>
            21
            . 
            Rodrigo
             | 
            1 days ago
          </span>
        </div>
        <div
          className="f6 lh-copy"
        >
          456
        </div>
        <br />
      </div>
    </div>
  </div>
</div>
`;

exports[`<CreateReport/> using react test render renders loading screen 1`] = `
<div>
  <h3>
    Este é um primeiro teste
     
    <br />
     
    www.test1.com
  </h3>
  <div
    className="flex flex-column mt3"
  >
    <textarea
      className="db border-box hover-black w-100 measure ba b--black-20 pa2 br2 mb2"
      maxLength="2000"
      onChange={[Function]}
      placeholder="Enter a description for the fake news report"
      required={true}
      type="text"
      value=""
    />
  </div>
  <button
    disabled={true}
    onClick={[Function]}
  >
    Report Fake News
  </button>
  <div>
    <div>
      <h4>
        Fake News Reports
      </h4>
    </div>
    <div
      className="flex mt2 items-start"
    >
      <div
        className="ml1"
      >
        <div
          className="f6 lh-copy gray"
        >
          <span>
            1
            . 
            Rodrigo
             | 
            7 days ago
          </span>
        </div>
        <div
          className="f6 lh-copy"
        >
          1
        </div>
        <br />
      </div>
    </div>
    <div
      className="flex mt2 items-start"
    >
      <div
        className="ml1"
      >
        <div
          className="f6 lh-copy gray"
        >
          <span>
            2
            . 
            Rodrigo
             | 
            7 days ago
          </span>
        </div>
        <div
          className="f6 lh-copy"
        >
          2
        </div>
        <br />
      </div>
    </div>
    <div
      className="flex mt2 items-start"
    >
      <div
        className="ml1"
      >
        <div
          className="f6 lh-copy gray"
        >
          <span>
            3
            . 
            Jose
             | 
            7 days ago
          </span>
        </div>
        <div
          className="f6 lh-copy"
        >
          3
        </div>
        <br />
      </div>
    </div>
    <div
      className="flex mt2 items-start"
    >
      <div
        className="ml1"
      >
        <div
          className="f6 lh-copy gray"
        >
          <span>
            4
            . 
            Rodrigo
             | 
            7 days ago
          </span>
        </div>
        <div
          className="f6 lh-copy"
        >
          4
        </div>
        <br />
      </div>
    </div>
    <div
      className="flex mt2 items-start"
    >
      <div
        className="ml1"
      >
        <div
          className="f6 lh-copy gray"
        >
          <span>
            5
            . 
            Rodrigo
             | 
            7 days ago
          </span>
        </div>
        <div
          className="f6 lh-copy"
        >
          5
        </div>
        <br />
      </div>
    </div>
    <div
      className="flex mt2 items-start"
    >
      <div
        className="ml1"
      >
        <div
          className="f6 lh-copy gray"
        >
          <span>
            6
            . 
            Jose
             | 
            7 days ago
          </span>
        </div>
        <div
          className="f6 lh-copy"
        >
          6
        </div>
        <br />
      </div>
    </div>
    <div
      className="flex mt2 items-start"
    >
      <div
        className="ml1"
      >
        <div
          className="f6 lh-copy gray"
        >
          <span>
            7
            . 
            Jose
             | 
            5 days ago
          </span>
        </div>
        <div
          className="f6 lh-copy"
        >
          7
        </div>
        <br />
      </div>
    </div>
    <div
      className="flex mt2 items-start"
    >
      <div
        className="ml1"
      >
        <div
          className="f6 lh-copy gray"
        >
          <span>
            8
            . 
            Jose
             | 
            5 days ago
          </span>
        </div>
        <div
          className="f6 lh-copy"
        >
          1
        </div>
        <br />
      </div>
    </div>
    <div
      className="flex mt2 items-start"
    >
      <div
        className="ml1"
      >
        <div
          className="f6 lh-copy gray"
        >
          <span>
            9
            . 
            Jose
             | 
            5 days ago
          </span>
        </div>
        <div
          className="f6 lh-copy"
        >
          9
        </div>
        <br />
      </div>
    </div>
    <div
      className="flex mt2 items-start"
    >
      <div
        className="ml1"
      >
        <div
          className="f6 lh-copy gray"
        >
          <span>
            10
            . 
            Rodrigo
             | 
            3 days ago
          </span>
        </div>
        <div
          className="f6 lh-copy"
        >
          1
        </div>
        <br />
      </div>
    </div>
    <div
      className="flex mt2 items-start"
    >
      <div
        className="ml1"
      >
        <div
          className="f6 lh-copy gray"
        >
          <span>
            11
            . 
            Rodrigo Jose
             | 
            2 days ago
          </span>
        </div>
        <div
          className="f6 lh-copy"
        >
          2
        </div>
        <br />
      </div>
    </div>
    <div
      className="flex mt2 items-start"
    >
      <div
        className="ml1"
      >
        <div
          className="f6 lh-copy gray"
        >
          <span>
            12
            . 
            Rodrigo
             | 
            2 days ago
          </span>
        </div>
        <div
          className="f6 lh-copy"
        >
          12
        </div>
        <br />
      </div>
    </div>
    <div
      className="flex mt2 items-start"
    >
      <div
        className="ml1"
      >
        <div
          className="f6 lh-copy gray"
        >
          <span>
            13
            . 
            Rodrigo
             | 
            2 days ago
          </span>
        </div>
        <div
          className="f6 lh-copy"
        >
          este e um teste
        </div>
        <br />
      </div>
    </div>
    <div
      className="flex mt2 items-start"
    >
      <div
        className="ml1"
      >
        <div
          className="f6 lh-copy gray"
        >
          <span>
            14
            . 
            Rodrigo
             | 
            1 days ago
          </span>
        </div>
        <div
          className="f6 lh-copy"
        >
          14
        </div>
        <br />
      </div>
    </div>
    <div
      className="flex mt2 items-start"
    >
      <div
        className="ml1"
      >
        <div
          className="f6 lh-copy gray"
        >
          <span>
            15
            . 
            Rodrigo
             | 
            1 days ago
          </span>
        </div>
        <div
          className="f6 lh-copy"
        >
          15
        </div>
        <br />
      </div>
    </div>
    <div
      className="flex mt2 items-start"
    >
      <div
        className="ml1"
      >
        <div
          className="f6 lh-copy gray"
        >
          <span>
            16
            . 
            Rodrigo Jose
             | 
            1 days ago
          </span>
        </div>
        <div
          className="f6 lh-copy"
        >
          16
        </div>
        <br />
      </div>
    </div>
    <div
      className="flex mt2 items-start"
    >
      <div
        className="ml1"
      >
        <div
          className="f6 lh-copy gray"
        >
          <span>
            17
            . 
            Rodrigo
             | 
            1 days ago
          </span>
        </div>
        <div
          className="f6 lh-copy"
        >
          17
        </div>
        <br />
      </div>
    </div>
    <div
      className="flex mt2 items-start"
    >
      <div
        className="ml1"
      >
        <div
          className="f6 lh-copy gray"
        >
          <span>
            18
            . 
            Rodrigo Jose
             | 
            1 days ago
          </span>
        </div>
        <div
          className="f6 lh-copy"
        >
          18
        </div>
        <br />
      </div>
    </div>
    <div
      className="flex mt2 items-start"
    >
      <div
        className="ml1"
      >
        <div
          className="f6 lh-copy gray"
        >
          <span>
            19
            . 
            Rodrigo
             | 
            1 days ago
          </span>
        </div>
        <div
          className="f6 lh-copy"
        >
          19
        </div>
        <br />
      </div>
    </div>
    <div
      className="flex mt2 items-start"
    >
      <div
        className="ml1"
      >
        <div
          className="f6 lh-copy gray"
        >
          <span>
            20
            . 
            Rodrigo
             | 
            1 days ago
          </span>
        </div>
        <div
          className="f6 lh-copy"
        >
          123123123123123
        </div>
        <br />
      </div>
    </div>
    <div
      className="flex mt2 items-start"
    >
      <div
        className="ml1"
      >
        <div
          className="f6 lh-copy gray"
        >
          <span>
            21
            . 
            Rodrigo
             | 
            1 days ago
          </span>
        </div>
        <div
          className="f6 lh-copy"
        >
          456
        </div>
        <br />
      </div>
    </div>
  </div>
</div>
`;

exports[`<CreateReport/> using shallow enzyme should render without throwing an error 1`] = `
<div>
  <h3>
    Este é um primeiro teste
     
    <br />
     
    www.test1.com
  </h3>
  <div
    className="flex flex-column mt3"
  >
    <textarea
      className="db border-box hover-black w-100 measure ba b--black-20 pa2 br2 mb2"
      maxLength="2000"
      onChange={[Function]}
      placeholder="Enter a description for the fake news report"
      required={true}
      type="text"
      value="hello"
    />
  </div>
  <button
    disabled={false}
    onClick={[Function]}
  >
    Report Fake News
  </button>
  <ReportList
    linkId="cjdzfajlk081z0184iykv7su1"
    reports={
      Array [
        Object {
          "__typename": "Report",
          "createdAt": "2018-02-23T04:15:18.000Z",
          "description": "1",
          "id": "cjdzfb5cc082p0184jwbui332",
          "user": Object {
            "__typename": "User",
            "id": "cjdzfa7e0081t0184ba5f7q78",
            "name": "Rodrigo",
          },
        },
        Object {
          "__typename": "Report",
          "createdAt": "2018-02-23T04:15:21.000Z",
          "description": "2",
          "id": "cjdzfb7hj082w0184wcboubhw",
          "user": Object {
            "__typename": "User",
            "id": "cjdzfa7e0081t0184ba5f7q78",
            "name": "Rodrigo",
          },
        },
        Object {
          "__typename": "Report",
          "createdAt": "2018-02-23T04:16:07.000Z",
          "description": "3",
          "id": "cjdzfc71508570184rxejeigy",
          "user": Object {
            "__typename": "User",
            "id": "cjdzfc0fo084e01843xojr2ne",
            "name": "Jose",
          },
        },
        Object {
          "__typename": "Report",
          "createdAt": "2018-02-23T04:16:20.000Z",
          "description": "4",
          "id": "cjdzfcgyp08600184o6q6jm9g",
          "user": Object {
            "__typename": "User",
            "id": "cjdzfa7e0081t0184ba5f7q78",
            "name": "Rodrigo",
          },
        },
        Object {
          "__typename": "Report",
          "createdAt": "2018-02-23T04:16:28.000Z",
          "description": "5",
          "id": "cjdzfcnb7086k0184vfvdeqpg",
          "user": Object {
            "__typename": "User",
            "id": "cjdzfa7e0081t0184ba5f7q78",
            "name": "Rodrigo",
          },
        },
        Object {
          "__typename": "Report",
          "createdAt": "2018-02-23T04:16:45.000Z",
          "description": "6",
          "id": "cjdzfczy7087x0184gxes066e",
          "user": Object {
            "__typename": "User",
            "id": "cjdzfc0fo084e01843xojr2ne",
            "name": "Jose",
          },
        },
        Object {
          "__typename": "Report",
          "createdAt": "2018-02-24T23:41:31.000Z",
          "description": "7",
          "id": "cje20erif0bhh0184o1xjp0nv",
          "user": Object {
            "__typename": "User",
            "id": "cjdzfc0fo084e01843xojr2ne",
            "name": "Jose",
          },
        },
        Object {
          "__typename": "Report",
          "createdAt": "2018-02-25T03:49:06.000Z",
          "description": "1",
          "id": "cje29958b0qyp01849y5ixm8s",
          "user": Object {
            "__typename": "User",
            "id": "cjdzfc0fo084e01843xojr2ne",
            "name": "Jose",
          },
        },
        Object {
          "__typename": "Report",
          "createdAt": "2018-02-25T05:49:59.000Z",
          "description": "9",
          "id": "cje2dkm8f0tg101847fobzznf",
          "user": Object {
            "__typename": "User",
            "id": "cjdzfc0fo084e01843xojr2ne",
            "name": "Jose",
          },
        },
        Object {
          "__typename": "Report",
          "createdAt": "2018-02-27T04:27:56.000Z",
          "description": "1",
          "id": "cje55isn7008b01408043ql1u",
          "user": Object {
            "__typename": "User",
            "id": "cje55icc7006i01403v3lgypb",
            "name": "Rodrigo",
          },
        },
        Object {
          "__typename": "Report",
          "createdAt": "2018-02-28T02:59:56.000Z",
          "description": "2",
          "id": "cje6hthge02qm0140g18oefxi",
          "user": Object {
            "__typename": "User",
            "id": "cje6begw300hj0140teu6smwa",
            "name": "Rodrigo Jose",
          },
        },
        Object {
          "__typename": "Report",
          "createdAt": "2018-02-28T05:46:50.000Z",
          "description": "12",
          "id": "cje6ns3wl08cv0140i28uwk66",
          "user": Object {
            "__typename": "User",
            "id": "cje55icc7006i01403v3lgypb",
            "name": "Rodrigo",
          },
        },
        Object {
          "__typename": "Report",
          "createdAt": "2018-02-28T08:19:25.000Z",
          "description": "este e um teste",
          "id": "cje6t8c1t08pv0140ju8jtxmo",
          "user": Object {
            "__typename": "User",
            "id": "cje55icc7006i01403v3lgypb",
            "name": "Rodrigo",
          },
        },
        Object {
          "__typename": "Report",
          "createdAt": "2018-03-01T06:32:19.000Z",
          "description": "14",
          "id": "cje84ugpw3h140140102wjptu",
          "user": Object {
            "__typename": "User",
            "id": "cje55icc7006i01403v3lgypb",
            "name": "Rodrigo",
          },
        },
        Object {
          "__typename": "Report",
          "createdAt": "2018-03-01T06:32:29.000Z",
          "description": "15",
          "id": "cje84uolp3h300140s8huy2ea",
          "user": Object {
            "__typename": "User",
            "id": "cje55icc7006i01403v3lgypb",
            "name": "Rodrigo",
          },
        },
        Object {
          "__typename": "Report",
          "createdAt": "2018-03-01T06:33:05.000Z",
          "description": "16",
          "id": "cje84vgbq3h940140ltd0s049",
          "user": Object {
            "__typename": "User",
            "id": "cje6begw300hj0140teu6smwa",
            "name": "Rodrigo Jose",
          },
        },
        Object {
          "__typename": "Report",
          "createdAt": "2018-03-01T06:33:13.000Z",
          "description": "17",
          "id": "cje84vlzb3ha001402zx0wnkc",
          "user": Object {
            "__typename": "User",
            "id": "cje55icc7006i01403v3lgypb",
            "name": "Rodrigo",
          },
        },
        Object {
          "__typename": "Report",
          "createdAt": "2018-03-01T06:35:43.000Z",
          "description": "18",
          "id": "cje84yua23i070140psr9mq05",
          "user": Object {
            "__typename": "User",
            "id": "cje6begw300hj0140teu6smwa",
            "name": "Rodrigo Jose",
          },
        },
        Object {
          "__typename": "Report",
          "createdAt": "2018-03-01T06:36:04.000Z",
          "description": "19",
          "id": "cje84zae33i4l0140p7fg8ms0",
          "user": Object {
            "__typename": "User",
            "id": "cje55icc7006i01403v3lgypb",
            "name": "Rodrigo",
          },
        },
        Object {
          "__typename": "Report",
          "createdAt": "2018-03-01T07:36:58.000Z",
          "description": "123123123123123",
          "id": "cje875lnh420m0140tbxspmse",
          "user": Object {
            "__typename": "User",
            "id": "cje55icc7006i01403v3lgypb",
            "name": "Rodrigo",
          },
        },
        Object {
          "__typename": "Report",
          "createdAt": "2018-03-01T07:38:44.000Z",
          "description": "456",
          "id": "cje877vcy42nu0140ockph5t4",
          "user": Object {
            "__typename": "User",
            "id": "cje55icc7006i01403v3lgypb",
            "name": "Rodrigo",
          },
        },
      ]
    }
  />
</div>
`;
